{
    "eddy_full": {
        "content": [
            "test_ses-01__dwi_corrected.nii.gz",
            [
                [
                    {
                        "id": "test",
                        "ses": "ses-01"
                    },
                    "test_ses-01__dwi_eddy_corrected.bval:md5,4c61c53078316c31b4d5daf446a3d6ac"
                ]
            ],
            "test_ses-01__dwi_eddy_corrected.bvec",
            [
                [
                    {
                        "id": "test",
                        "ses": "ses-01"
                    },
                    "test_ses-01__b0_bet_mask.nii.gz:md5,884e1028fb86b5556e1caac18a8d6e1f"
                ]
            ],
            "test_ses-01__dwi_eddy_mqc.gif",
            "test_ses-01__rev_dwi_eddy_mqc.gif",
            [
                [
                    {
                        "id": "test",
                        "ses": "ses-01"
                    },
                    "test_ses-01__dwi_eddy_restricted_movement_rms.txt:md5,722ee83633ecde2db3681a0969d246a3"
                ]
            ],
            [
                "versions.yml:md5,4157cb171ff54c81c093562e757288a5"
            ]
        ],
        "meta": {
            "nf-test": "0.9.3",
            "nextflow": "25.04.8"
        },
        "timestamp": "2025-11-20T19:23:42.721108"
    },
    "eddy_light": {
        "content": [
            "test__dwi_corrected.nii.gz",
            [
                [
                    {
                        "id": "test"
                    },
                    "test__dwi_eddy_corrected.bval:md5,8192e97b08e8032382397bb844b31892"
                ]
            ],
            "test__dwi_eddy_corrected.bvec",
            [
                [
                    {
                        "id": "test"
                    },
                    "test__b0_bet_mask.nii.gz:md5,884e1028fb86b5556e1caac18a8d6e1f"
                ]
            ],
            "test__dwi_eddy_mqc.gif",
            [
                [
                    {
                        "id": "test"
                    },
                    "test__dwi_eddy_restricted_movement_rms.txt:md5,757f2fccd810bce0a5fa86605dc9d6b2"
                ]
            ],
            [
                "versions.yml:md5,4157cb171ff54c81c093562e757288a5"
            ]
        ],
        "meta": {
            "nf-test": "0.9.3",
            "nextflow": "25.04.8"
        },
        "timestamp": "2025-11-20T19:27:12.885857"
    },
    "eddy - stub-run": {
        "content": [
            [
                "versions.yml:md5,4157cb171ff54c81c093562e757288a5"
            ]
        ],
        "meta": {
            "nf-test": "0.9.3",
            "nextflow": "25.04.8"
        },
        "timestamp": "2025-11-20T17:41:38.330044"
    }
}