{
    "Image property - datatype": {
        "content": [
            {
                "0": [
                    [
                        {
                            "id": "test",
                            "single_end": false
                        },
                        "test__-datatype_property.txt:md5,7397a534184b0c787313100e84c5c60d"
                    ]
                ],
                "1": [
                    "versions.yml:md5,b20079fce9818e04663fbd45ec302a8d"
                ],
                "property": [
                    [
                        {
                            "id": "test",
                            "single_end": false
                        },
                        "test__-datatype_property.txt:md5,7397a534184b0c787313100e84c5c60d"
                    ]
                ],
                "versions": [
                    "versions.yml:md5,b20079fce9818e04663fbd45ec302a8d"
                ]
            }
        ],
        "meta": {
            "nf-test": "0.9.3",
            "nextflow": "25.10.2"
        },
        "timestamp": "2026-04-21T18:36:23.650355128"
    },
    "Image property - strides": {
        "content": [
            {
                "0": [
                    [
                        {
                            "id": "test",
                            "single_end": false
                        },
                        "test__-strides_property.txt:md5,2dbf7fb8c3d88156279af7919a8d0580"
                    ]
                ],
                "1": [
                    "versions.yml:md5,b20079fce9818e04663fbd45ec302a8d"
                ],
                "property": [
                    [
                        {
                            "id": "test",
                            "single_end": false
                        },
                        "test__-strides_property.txt:md5,2dbf7fb8c3d88156279af7919a8d0580"
                    ]
                ],
                "versions": [
                    "versions.yml:md5,b20079fce9818e04663fbd45ec302a8d"
                ]
            }
        ],
        "meta": {
            "nf-test": "0.9.3",
            "nextflow": "25.10.2"
        },
        "timestamp": "2026-04-21T18:36:14.005037778"
    },
    "Image property - all": {
        "content": [
            {
                "0": [
                    [
                        {
                            "id": "test",
                            "single_end": false
                        },
                        "test__-all_property.txt:md5,857f07e171a17135e5aa9993a286b20a"
                    ]
                ],
                "1": [
                    "versions.yml:md5,b20079fce9818e04663fbd45ec302a8d"
                ],
                "property": [
                    [
                        {
                            "id": "test",
                            "single_end": false
                        },
                        "test__-all_property.txt:md5,857f07e171a17135e5aa9993a286b20a"
                    ]
                ],
                "versions": [
                    "versions.yml:md5,b20079fce9818e04663fbd45ec302a8d"
                ]
            }
        ],
        "meta": {
            "nf-test": "0.9.3",
            "nextflow": "25.10.2"
        },
        "timestamp": "2026-04-21T18:34:26.584689102"
    },
    "Image property - stub": {
        "content": [
            [
                "versions.yml:md5,b20079fce9818e04663fbd45ec302a8d"
            ]
        ],
        "meta": {
            "nf-test": "0.9.3",
            "nextflow": "25.10.2"
        },
        "timestamp": "2026-04-21T18:34:38.9793571"
    }
}