{
    "harmonization - subworkflow": {
        "content": [
            [
                "CamCAN_11subs_ad_adt_CamCANmodified_11subs_ad_adt.harmonized.tsv:md5,d41d8cd98f00b204e9800998ecf8427e"
            ],
            [
                [
                    "dummy_figure_1.png:md5,d41d8cd98f00b204e9800998ecf8427e",
                    "dummy_figure_2.png:md5,d41d8cd98f00b204e9800998ecf8427e"
                ],
                [
                    "dummy_figure_1.png:md5,d41d8cd98f00b204e9800998ecf8427e",
                    "dummy_figure_2.png:md5,d41d8cd98f00b204e9800998ecf8427e"
                ]
            ],
            [
                "CamCAN_11subs_ad_adt_CamCANmodified_11subs_ad_adt.metric1.clinical.model.csv:md5,d41d8cd98f00b204e9800998ecf8427e",
                "CamCAN_11subs_ad_adt_CamCANmodified_11subs_ad_adt.metric2.clinical.model.csv:md5,d41d8cd98f00b204e9800998ecf8427e"
            ],
            [
                [
                    "CamCAN_11subs_ad_adt_CamCANmodified_11subs_ad_adt.metric1_report_1.txt:md5,d41d8cd98f00b204e9800998ecf8427e",
                    "CamCAN_11subs_ad_adt_CamCANmodified_11subs_ad_adt.metric1_report_2.txt:md5,d41d8cd98f00b204e9800998ecf8427e"
                ],
                [
                    "CamCAN_11subs_ad_adt_CamCANmodified_11subs_ad_adt.metric2_report_1.txt:md5,d41d8cd98f00b204e9800998ecf8427e",
                    "CamCAN_11subs_ad_adt_CamCANmodified_11subs_ad_adt.metric2_report_2.txt:md5,d41d8cd98f00b204e9800998ecf8427e"
                ]
            ],
            [
                "versions.yml:md5,47a5e1a2c98079ed1bd6c52bb04d33e2",
                "versions.yml:md5,b1bdae3e52b877f3feac4184254ae0be",
                "versions.yml:md5,c9f785dfce5de7769fa69befb72b9b5f",
                "versions.yml:md5,cf554b92485c60bb473b87bdd4cdac6a"
            ]
        ],
        "meta": {
            "nf-test": "0.9.3",
            "nextflow": "25.10.2"
        },
        "timestamp": "2026-01-21T00:02:15.955858871"
    }
}