{
    "registration - warpconvert - stub-run": {
        "content": [
            [
                "versions.yml:md5,f2c2eabe8fe3717cec444288635fab98"
            ]
        ],
        "meta": {
            "nf-test": "0.9.3",
            "nextflow": "25.10.2"
        },
        "timestamp": "2026-10-07T15:58:55.712495532"
    },
    "registration - warpconvert": {
        "content": [
            {
                "0": [
                    [
                        {
                            "id": "test"
                        },
                        "test_displacement_out_warp.nii.gz:md5,085c10492c27502febb935970c9edaa5"
                    ]
                ],
                "1": [
                    "versions.yml:md5,f2c2eabe8fe3717cec444288635fab98"
                ],
                "transformation": [
                    [
                        {
                            "id": "test"
                        },
                        "test_displacement_out_warp.nii.gz:md5,085c10492c27502febb935970c9edaa5"
                    ]
                ],
                "versions": [
                    "versions.yml:md5,f2c2eabe8fe3717cec444288635fab98"
                ]
            }
        ],
        "meta": {
            "nf-test": "0.9.3",
            "nextflow": "25.10.2"
        },
        "timestamp": "2026-10-07T15:58:38.811957142"
    }
}