{
    "stats - metrics in roi -stub-run": {
        "content": [
            [
                "versions.yml:md5,03667d993a76f6643a67225c1099ea77"
            ]
        ],
        "meta": {
            "nf-test": "0.9.0",
            "nextflow": "25.04.7"
        },
        "timestamp": "2025-09-22T21:11:44.526236431"
    },
    "stats - metrics in ROI": {
        "content": [
            {
                "0": [
                    
                ],
                "1": [
                    
                ],
                "2": [
                    
                ],
                "stats_csv": [
                    
                ],
                "stats_json": [
                    
                ],
                "versions": [
                    
                ]
            }
        ],
        "meta": {
            "nf-test": "0.9.3",
            "nextflow": "25.04.6"
        },
        "timestamp": "2025-11-24T06:37:11.479777955"
    },
    "stats - metrics in Label": {
        "content": [
            {
                "0": [
                    [
                        {
                            "id": "test",
                            "single_end": false
                        },
                        "test_stats.json:md5,5bf37c68f8201323fe9d468cf271c4d8"
                    ]
                ],
                "1": [
                    [
                        {
                            "id": "test",
                            "single_end": false
                        },
                        "test_stats.csv:md5,b7dd63b0c254443aa8646334cc610406"
                    ]
                ],
                "2": [
                    "versions.yml:md5,03667d993a76f6643a67225c1099ea77"
                ],
                "stats_csv": [
                    [
                        {
                            "id": "test",
                            "single_end": false
                        },
                        "test_stats.csv:md5,b7dd63b0c254443aa8646334cc610406"
                    ]
                ],
                "stats_json": [
                    [
                        {
                            "id": "test",
                            "single_end": false
                        },
                        "test_stats.json:md5,5bf37c68f8201323fe9d468cf271c4d8"
                    ]
                ],
                "versions": [
                    "versions.yml:md5,03667d993a76f6643a67225c1099ea77"
                ]
            }
        ],
        "meta": {
            "nf-test": "0.9.3",
            "nextflow": "25.04.6"
        },
        "timestamp": "2025-11-24T06:37:17.606499844"
    }
}