{
    "stats - metrics in roi -stub-run": {
        "content": [
            [
                "versions.yml:md5,903a806d8c872a153063993ca284e6e4"
            ]
        ],
        "meta": {
            "nf-test": "0.9.3",
            "nextflow": "25.04.6"
        },
        "timestamp": "2025-11-24T07:51:29.286410283"
    },
    "stats - metrics in ROI": {
        "content": [
            {
                "0": [
                    [
                        {
                            "id": "test",
                            "single_end": false
                        },
                        "test_stats.json:md5,a23c9a699e8ba09880e2fc1a175b06f5"
                    ]
                ],
                "1": [
                    [
                        {
                            "id": "test",
                            "single_end": false
                        },
                        "test_stats.csv:md5,a40cc8d1912548d4ac41166f2b08b49a"
                    ]
                ],
                "2": [
                    "versions.yml:md5,903a806d8c872a153063993ca284e6e4"
                ],
                "stats_csv": [
                    [
                        {
                            "id": "test",
                            "single_end": false
                        },
                        "test_stats.csv:md5,a40cc8d1912548d4ac41166f2b08b49a"
                    ]
                ],
                "stats_json": [
                    [
                        {
                            "id": "test",
                            "single_end": false
                        },
                        "test_stats.json:md5,a23c9a699e8ba09880e2fc1a175b06f5"
                    ]
                ],
                "versions": [
                    "versions.yml:md5,903a806d8c872a153063993ca284e6e4"
                ]
            }
        ],
        "meta": {
            "nf-test": "0.9.3",
            "nextflow": "25.04.6"
        },
        "timestamp": "2025-11-24T07:51:16.451261501"
    },
    "stats - metrics in Label": {
        "content": [
            {
                "0": [
                    [
                        {
                            "id": "test",
                            "single_end": false
                        },
                        "test_stats.json:md5,5bf37c68f8201323fe9d468cf271c4d8"
                    ]
                ],
                "1": [
                    [
                        {
                            "id": "test",
                            "single_end": false
                        },
                        "test_stats.csv:md5,b7dd63b0c254443aa8646334cc610406"
                    ]
                ],
                "2": [
                    "versions.yml:md5,903a806d8c872a153063993ca284e6e4"
                ],
                "stats_csv": [
                    [
                        {
                            "id": "test",
                            "single_end": false
                        },
                        "test_stats.csv:md5,b7dd63b0c254443aa8646334cc610406"
                    ]
                ],
                "stats_json": [
                    [
                        {
                            "id": "test",
                            "single_end": false
                        },
                        "test_stats.json:md5,5bf37c68f8201323fe9d468cf271c4d8"
                    ]
                ],
                "versions": [
                    "versions.yml:md5,903a806d8c872a153063993ca284e6e4"
                ]
            }
        ],
        "meta": {
            "nf-test": "0.9.3",
            "nextflow": "25.04.6"
        },
        "timestamp": "2025-11-24T07:51:22.836557885"
    }
}