{
    "harmonization - clinicalcombat_pairwise": {
        "content": [
            "ShamCamCAN-CamCAN.md.pairwise.model.csv",
            "ShamCamCAN.md.pairwise.harmonized.csv.gz",
            [
                "ShamCamCAN.md.pairwise.harmonized.bhattacharrya.txt",
                "ShamCamCAN.md.raw.bhattacharrya.txt"
            ],
            [
                "AgeCurve_CamCAN-ShamCamCAN_pairwise_harmonized_md_mniAFL.png",
                "AgeCurve_CamCAN-ShamCamCAN_raw_md_mniAFL.png",
                "DataModels_CamCAN-ShamCamCAN_pairwise_harmonized_md_mniAFL.png"
            ],
            [
                "versions.yml:md5,cbfeb7dd29c3ed4d900aeb0cff66b8c0"
            ]
        ],
        "meta": {
            "nf-test": "0.9.3",
            "nextflow": "25.10.2"
        },
        "timestamp": "2026-01-21T00:01:28.446140238"
    },
    "harmonization - stub-run clinicalcombat": {
        "content": [
            [
                "versions.yml:md5,cbfeb7dd29c3ed4d900aeb0cff66b8c0"
            ]
        ],
        "meta": {
            "nf-test": "0.9.3",
            "nextflow": "25.10.2"
        },
        "timestamp": "2026-01-21T00:01:56.422351634"
    },
    "harmonization - clinicalcombat_clinic": {
        "content": [
            "ShamCamCAN-CamCAN.md.clinic.model.csv",
            "ShamCamCAN.md.clinic.harmonized.csv.gz",
            [
                "ShamCamCAN.md.clinic.harmonized.bhattacharrya.txt",
                "ShamCamCAN.md.raw.bhattacharrya.txt"
            ],
            [
                "AgeCurve_CamCAN-ShamCamCAN_clinic_harmonized_md_mniAFL.png",
                "AgeCurve_CamCAN-ShamCamCAN_raw_md_mniAFL.png",
                "DataModels_CamCAN-ShamCamCAN_clinic_harmonized_md_mniAFL.png"
            ],
            [
                "versions.yml:md5,cbfeb7dd29c3ed4d900aeb0cff66b8c0"
            ]
        ],
        "meta": {
            "nf-test": "0.9.3",
            "nextflow": "25.10.2"
        },
        "timestamp": "2026-01-21T00:01:52.864455383"
    }
}